// Vitest Snapshot v1, https://vitest.dev/guide/snapshot.html

exports[`UI Checkbox > renders correctly 1`] = `
<div>
  <div
    class="_container_3de4f0"
  >
    <input
      type="checkbox"
    />
  </div>
</div>
`;
